The command to demo all the supported primitive data types

  -B, --byte                      [-128, 127]
  -F, --float                     +[1.4e-45f, 3.4028235e+38f]
  -S, --short                     [-32768, 32767]
  -b, --boolean                   a bool flag
  -c, --char                      [\u0000, \u65535]
  -d, --double                    +[4.9e-324, 1.7976931348623157e+308]
      --help                      display this help and exit
  -i, --int                       [0x80000000, 0x7fffffff]
  -l, --long                      [0x8000000000000000L, 0x7fffffffffffffffL]
                                    // -2^63 ~ 2^63 - 1

[Command 'con']

 A command to demo that a Command with private no-arg constructor is ok, even if
you cannot directly instantiate it yourself

      --abcdefghijklmnopqrstuvwxyz0123456
                                  certain flag
  -b, --boolean                   explain what is being done, this is for a
                                    command to demo that a Command with private
                                    no-arg constructor is ok, even if you cannot
                                    directly instantiate it yourself
  -m                              another flag

[Command 'load']

The command to demo all the supported wrapper types

  -B, --byte                      
  -F, --float                     
  -S, --short                     
  -b, --boolean                   
  -c, --char                      
  -d, --double                    
  -f, --file                      
  -i, --int                       
  -l, --long                      
  -o, --object                    
  -p, --path                      
  -s, --string                    

SIZE is an integer and optional unit (example: 10M is 10*1024*1024). Units are
K, M, G, T, P, E, Z, Y (powers of 1024) or KB, MB, ... (powers of 1000).

Exit status:
 0 - if OK,
 1 - if minor problems (e.g., cannot access subdirectory),
 2 - if serious trouble (e.g., cannot access command-line argument)